    <p>2</p>
    <p>4</p>
    <p>6</p>
    <p>8</p>
    <p>10</p>
